// Jest Snapshot v1, https://goo.gl/fbAQLP

exports[`matches css snapshot 1`] = `
".Component-root-0-1-1 {
  width: 40px;
  height: 40px;
  display: flex;
  position: relative;
  overflow: hidden;
  font-size: 40px;
  flex-shrink: 0;
  font-family: Times New Roman, Arial;
  align-items: center;
  user-select: none;
  border-radius: 50%;
  justify-content: center;
}
.Component-colorDefault-0-1-2 {
  color: #000000;
}
.Component-img-0-1-3 {
  width: 100%;
  height: 100%;
  text-align: center;
  object-fit: cover;
}"
`;
